src/app/admin/page.tsx(90,7): error TS2741: Property 'queued' is missing in type '{ draft: string; scheduled: string; sent: string; failed: string; }' but required in type 'Record<"draft" | "scheduled" | "sent" | "failed" | "queued", string>'.
